[mteyt.com/index.html]
[www.googletagmanager.com/gtag/jscf60]
[mteyt.com/css/landio.css]
[backblue.gif]
[fade.gif]
[index.html]
[mteyt.com/img/favicon/manifest.json]
[mteyt.com/css/cards.css]
[mteyt.com/discord.html]
[mteyt.com/youtube.html]
[mteyt.com/img/mock.png]
[mteyt.com/img/400robux.jpg]
[mteyt.com/img/800robux.jpg]
[mteyt.com/verify.html]
[mteyt.com/img/1krobux.jpg]
[mteyt.com/img/4krobux.jpg]
[mteyt.com/img/10krobux.jpg]
[mteyt.com/img/22krobux.jpg]
[www.youtube.com/embed/bzXzGMbdQfY.html]
[mteyt.com/img/face1.jpg]
[mteyt.com/img/face2.jpg]
[mteyt.com/img/face3.jpg]
[mteyt.com/img/face4.jpg]
[mteyt.com/img/face5.jpg]
[media.discordapp.net/attachments/825807891746652210/842907212455084062/rbxe2f6.png]
[ajax.googleapis.com/ajax/libs/jquery/2.1.4/jquery.min.js]
[mteyt.com/index.html]
[mteyt.com/js/landio.min.js]
[mteyt.com/css/fonts/icomoon9777.eot]
[mteyt.com/css/fonts/icomoond41d.eot]
[mteyt.com/css/fonts/icomoon9777.ttf]
[mteyt.com/css/fonts/icomoon9777.woff]
[mteyt.com/css/fonts/icomoon9777.svg]
[mteyt.com/css/landio.css]
[media.discordapp.net/attachments/825807891746652210/842907212455084062/rbxc82f.html]
[mteyt.com/css/cards.css]
[mteyt.com/vendor/bootstrap/css/bootstrap.min.css]
[mteyt.com/fonts/font-awesome-4.7.0/css/font-awesome.min.css]
[mteyt.com/fonts/iconic/css/material-design-iconic-font.min.css]
[mteyt.com/vendor/animate/animate.css]
[mteyt.com/vendor/select2/select2.min.css]
[mteyt.com/css/util.css]
[mteyt.com/css/main.css]
[mteyt.com/vendor/jquery/jquery-3.2.1.min.js]
[mteyt.com/vendor/bootstrap/js/popper.js]
[mteyt.com/vendor/bootstrap/js/bootstrap.min.js]
[mteyt.com/vendor/select2/select2.min.js]
[mteyt.com/vendor/countdowntime/moment.min.js]
[mteyt.com/vendor/countdowntime/moment-timezone.min.js]
[mteyt.com/vendor/countdowntime/moment-timezone-with-data.min.js]
[mteyt.com/vendor/countdowntime/countdowntime.js]
[mteyt.com/vendor/tilt/tilt.jquery.min.js]
[mteyt.com/js/main.js]
[mteyt.com/discord.html]
[mteyt.com/js/main1.js]
[mteyt.com/youtube.html]
[mteyt.com/img/roblox.ico]
[mteyt.com/verify.html]
[www.youtube.com/s/player/a7cbbf24/www-embed-player.vflset/www-embed-player.js]
[www.youtube.com/s/player/a7cbbf24/player_ias.vflset/en_US/base.js]
[www.youtube.com/s/player/a7cbbf24/fetch-polyfill.vflset/fetch-polyfill.js]
[www.youtube.com/embed/bzXzGMbdQfY.html]
[mteyt.com/css/fonts/icomoon9777.svg]
[mteyt.com/vendor/bootstrap/css/bootstrap.min.css]
[mteyt.com/fonts/font-awesome-4.7.0/fonts/fontawesome-webfont3e6e.eot]
[mteyt.com/fonts/font-awesome-4.7.0/fonts/fontawesome-webfontd41d.eot]
[mteyt.com/fonts/font-awesome-4.7.0/fonts/fontawesome-webfont3e6e.woff2]
[mteyt.com/fonts/font-awesome-4.7.0/fonts/fontawesome-webfont3e6e.woff]
[mteyt.com/fonts/font-awesome-4.7.0/fonts/fontawesome-webfont3e6e.ttf]
[mteyt.com/fonts/font-awesome-4.7.0/css/font-awesome.min.css]
[mteyt.com/fonts/font-awesome-4.7.0/fonts/fontawesome-webfont3e6e.svg]
[mteyt.com/fonts/iconic/fonts/Material-Design-Iconic-Fontd1f1.woff2]
[mteyt.com/fonts/iconic/fonts/Material-Design-Iconic-Fontd1f1.woff]
[mteyt.com/fonts/iconic/fonts/Material-Design-Iconic-Fontd1f1.ttf]
[mteyt.com/fonts/iconic/css/material-design-iconic-font.min.css]
[mteyt.com/vendor/animate/animate.css]
[mteyt.com/vendor/select2/select2.min.css]
[mteyt.com/css/util.css]
[mteyt.com/fonts/Montserrat/Montserrat-Regular.ttf]
[mteyt.com/fonts/Montserrat/Montserrat-Light.ttf]
[mteyt.com/fonts/Montserrat/Montserrat-Black.ttf]
[mteyt.com/css/main.css]
[mteyt.com/img/roblox.html]
[mteyt.com/fonts/Montserrat/Montserrat-Bold.ttf]
[www.youtube.com/imgbin/www-hitchhiker.42.delayed]
[www.gstatic.com/youtube/img/originals/ckee/crane-kick.png]
[www.youtube.com/s/player/a7cbbf24/www-player.css]
[www.youtube.com/img/meh7.html]
[mteyt.com/fonts/font-awesome-4.7.0/fonts/fontawesome-webfont3e6e.svg]
[mteyt.com/fonts/iconic/fonts/Material-Design-Iconic-Fontd1f1.html]
[mteyt.com/fonts/iconic/fonts/Material-Design-Iconic-Fontd1f1-2.html]
[mteyt.com/fonts/iconic/fonts/Material-Design-Iconic-Fontd1f1-3.html]
[www.youtube.com/imgbin/www-hitchhiker.html]
